// Jest Snapshot v1, https://goo.gl/fbAQLP

exports[`LmcShiftPasswordsTable renders correctly 1`] = `
ShallowWrapper {
  "complexSelector": ComplexSelector {
    "buildPredicate": [Function],
    "childrenOfNode": [Function],
    "findWhereUnwrapped": [Function],
  },
  "length": 1,
  "node": <div>
    <h2
      style={
        Object {
          "fontWeight": 300,
          "marginBottom": "0.3em",
        }
      }
    >
      Shift Passwords
    </h2>
    <div
      className="lmc-theme-gradient"
      style={
        Object {
          "height": 2,
          "marginBottom": 22,
          "width": "100%",
        }
      }
    />
    <table
      cellPadding="0"
      cellSpacing="0"
      className="Table ItemList"
    >
      <thead>
        <tr>
          <th>
            Title
          </th>
          <th>
            Start
          </th>
          <th>
            End
          </th>
        </tr>
      </thead>
      <tbody>
        <tr>
          <td>
            Shift 1
          </td>
          <td>
            08:99
          </td>
          <td>
            13:22
          </td>
        </tr>
      </tbody>
    </table>
  </div>,
  "nodes": Array [
    <div>
      <h2
        style={
          Object {
            "fontWeight": 300,
            "marginBottom": "0.3em",
          }
        }
      >
        Shift Passwords
      </h2>
      <div
        className="lmc-theme-gradient"
        style={
          Object {
            "height": 2,
            "marginBottom": 22,
            "width": "100%",
          }
        }
      />
      <table
        cellPadding="0"
        cellSpacing="0"
        className="Table ItemList"
      >
        <thead>
          <tr>
            <th>
              Title
            </th>
            <th>
              Start
            </th>
            <th>
              End
            </th>
          </tr>
        </thead>
        <tbody>
          <tr>
            <td>
              Shift 1
            </td>
            <td>
              08:99
            </td>
            <td>
              13:22
            </td>
          </tr>
        </tbody>
      </table>
    </div>,
  ],
  "options": Object {},
  "renderer": ReactShallowRenderer {
    "_instance": ShallowComponentWrapper {
      "_calledComponentWillUnmount": false,
      "_compositeType": 2,
      "_context": Object {},
      "_currentElement": <LmcShiftPasswordsTable
        shifts={
          Array [
            Object {
              "id": "testId1",
              "password": "testPassword1",
              "title": "testShift1",
            },
            Object {
              "id": "testId2",
              "password": "testPassword2",
              "title": "testShift2",
            },
          ]
        }
      />,
      "_debugID": 1,
      "_hostContainerInfo": null,
      "_hostParent": null,
      "_instance": StatelessComponent {
        "_reactInternalInstance": [Circular],
        "context": Object {},
        "props": Object {
          "shifts": Array [
            Object {
              "id": "testId1",
              "password": "testPassword1",
              "title": "testShift1",
            },
            Object {
              "id": "testId2",
              "password": "testPassword2",
              "title": "testShift2",
            },
          ],
        },
        "refs": Object {},
        "state": null,
        "updater": Object {
          "enqueueCallback": [Function],
          "enqueueCallbackInternal": [Function],
          "enqueueElementInternal": [Function],
          "enqueueForceUpdate": [Function],
          "enqueueReplaceState": [Function],
          "enqueueSetState": [Function],
          "isMounted": [Function],
          "validateCallback": [Function],
        },
      },
      "_mountOrder": 1,
      "_pendingCallbacks": null,
      "_pendingElement": null,
      "_pendingForceUpdate": false,
      "_pendingReplaceState": false,
      "_pendingStateQueue": null,
      "_renderedComponent": NoopInternalComponent {
        "_currentElement": <div>
          <h2
            style={
              Object {
                "fontWeight": 300,
                "marginBottom": "0.3em",
              }
            }
          >
            Shift Passwords
          </h2>
          <div
            className="lmc-theme-gradient"
            style={
              Object {
                "height": 2,
                "marginBottom": 22,
                "width": "100%",
              }
            }
          />
          <table
            cellPadding="0"
            cellSpacing="0"
            className="Table ItemList"
          >
            <thead>
              <tr>
                <th>
                  Title
                </th>
                <th>
                  Start
                </th>
                <th>
                  End
                </th>
              </tr>
            </thead>
            <tbody>
              <tr>
                <td>
                  Shift 1
                </td>
                <td>
                  08:99
                </td>
                <td>
                  13:22
                </td>
              </tr>
            </tbody>
          </table>
        </div>,
        "_debugID": 2,
        "_renderedOutput": <div>
          <h2
            style={
              Object {
                "fontWeight": 300,
                "marginBottom": "0.3em",
              }
            }
          >
            Shift Passwords
          </h2>
          <div
            className="lmc-theme-gradient"
            style={
              Object {
                "height": 2,
                "marginBottom": 22,
                "width": "100%",
              }
            }
          />
          <table
            cellPadding="0"
            cellSpacing="0"
            className="Table ItemList"
          >
            <thead>
              <tr>
                <th>
                  Title
                </th>
                <th>
                  Start
                </th>
                <th>
                  End
                </th>
              </tr>
            </thead>
            <tbody>
              <tr>
                <td>
                  Shift 1
                </td>
                <td>
                  08:99
                </td>
                <td>
                  13:22
                </td>
              </tr>
            </tbody>
          </table>
        </div>,
      },
      "_renderedNodeType": 0,
      "_rootNodeID": 0,
      "_topLevelWrapper": null,
      "_updateBatchNumber": null,
      "_warnedAboutRefsInRender": false,
    },
    "getRenderOutput": [Function],
    "render": [Function],
  },
  "root": [Circular],
  "unrendered": <LmcShiftPasswordsTable
    shifts={
      Array [
        Object {
          "id": "testId1",
          "password": "testPassword1",
          "title": "testShift1",
        },
        Object {
          "id": "testId2",
          "password": "testPassword2",
          "title": "testShift2",
        },
      ]
    }
  />,
}
`;
