// Jest Snapshot v1, https://goo.gl/fbAQLP

exports[`LmcMobileNavigation renders correctly 1`] = `
ShallowWrapper {
  "complexSelector": ComplexSelector {
    "buildPredicate": [Function],
    "childrenOfNode": [Function],
    "findWhereUnwrapped": [Function],
  },
  "length": 1,
  "node": <div
    style={
      Object {
        "height": 40,
        "width": "100%",
      }
    }
  >
    <div
      className="lmc-theme-gradient"
      style={
        Object {
          "height": 40,
          "position": "fixed",
          "textAlign": "center",
          "top": 0,
          "width": "100%",
          "zIndex": 10,
        }
      }
    >
      <GlyphButton
        className="lmc-mobile-nav-button"
        glyph="three-bars"
        glyphSize="small"
        glyphStyle={Object {}}
        onClick={[Function]}
        position="default"
      />
      <span
        style={
          Object {
            "position": "relative",
            "top": 6,
          }
        }
      >
        <img
          alt="Log my Care"
          src="/admin/images/lmc-logo-white.svg"
          width={100}
        />
      </span>
    </div>
  </div>,
  "nodes": Array [
    <div
      style={
        Object {
          "height": 40,
          "width": "100%",
        }
      }
    >
      <div
        className="lmc-theme-gradient"
        style={
          Object {
            "height": 40,
            "position": "fixed",
            "textAlign": "center",
            "top": 0,
            "width": "100%",
            "zIndex": 10,
          }
        }
      >
        <GlyphButton
          className="lmc-mobile-nav-button"
          glyph="three-bars"
          glyphSize="small"
          glyphStyle={Object {}}
          onClick={[Function]}
          position="default"
        />
        <span
          style={
            Object {
              "position": "relative",
              "top": 6,
            }
          }
        >
          <img
            alt="Log my Care"
            src="/admin/images/lmc-logo-white.svg"
            width={100}
          />
        </span>
      </div>
    </div>,
  ],
  "options": Object {},
  "renderer": ReactShallowRenderer {
    "_instance": ShallowComponentWrapper {
      "_calledComponentWillUnmount": false,
      "_compositeType": 0,
      "_context": Object {},
      "_currentElement": <LmcMobileNavigation
        sections={Array []}
      />,
      "_debugID": 1,
      "_hostContainerInfo": null,
      "_hostParent": null,
      "_instance": LmcMobileNavigation {
        "_reactInternalInstance": [Circular],
        "context": Object {},
        "props": Object {
          "sections": Array [],
        },
        "refs": Object {},
        "state": Object {
          "menuIsVisible": false,
        },
        "toggleMenu": [Function],
        "updater": Object {
          "enqueueCallback": [Function],
          "enqueueCallbackInternal": [Function],
          "enqueueElementInternal": [Function],
          "enqueueForceUpdate": [Function],
          "enqueueReplaceState": [Function],
          "enqueueSetState": [Function],
          "isMounted": [Function],
          "validateCallback": [Function],
        },
      },
      "_mountOrder": 1,
      "_pendingCallbacks": null,
      "_pendingElement": null,
      "_pendingForceUpdate": false,
      "_pendingReplaceState": false,
      "_pendingStateQueue": null,
      "_renderedComponent": NoopInternalComponent {
        "_currentElement": <div
          style={
            Object {
              "height": 40,
              "width": "100%",
            }
          }
        >
          <div
            className="lmc-theme-gradient"
            style={
              Object {
                "height": 40,
                "position": "fixed",
                "textAlign": "center",
                "top": 0,
                "width": "100%",
                "zIndex": 10,
              }
            }
          >
            <GlyphButton
              className="lmc-mobile-nav-button"
              glyph="three-bars"
              glyphSize="small"
              glyphStyle={Object {}}
              onClick={[Function]}
              position="default"
            />
            <span
              style={
                Object {
                  "position": "relative",
                  "top": 6,
                }
              }
            >
              <img
                alt="Log my Care"
                src="/admin/images/lmc-logo-white.svg"
                width={100}
              />
            </span>
          </div>
        </div>,
        "_debugID": 2,
        "_renderedOutput": <div
          style={
            Object {
              "height": 40,
              "width": "100%",
            }
          }
        >
          <div
            className="lmc-theme-gradient"
            style={
              Object {
                "height": 40,
                "position": "fixed",
                "textAlign": "center",
                "top": 0,
                "width": "100%",
                "zIndex": 10,
              }
            }
          >
            <GlyphButton
              className="lmc-mobile-nav-button"
              glyph="three-bars"
              glyphSize="small"
              glyphStyle={Object {}}
              onClick={[Function]}
              position="default"
            />
            <span
              style={
                Object {
                  "position": "relative",
                  "top": 6,
                }
              }
            >
              <img
                alt="Log my Care"
                src="/admin/images/lmc-logo-white.svg"
                width={100}
              />
            </span>
          </div>
        </div>,
      },
      "_renderedNodeType": 0,
      "_rootNodeID": 0,
      "_topLevelWrapper": null,
      "_updateBatchNumber": null,
      "_warnedAboutRefsInRender": false,
    },
    "getRenderOutput": [Function],
    "render": [Function],
  },
  "root": [Circular],
  "unrendered": <LmcMobileNavigation
    sections={Array []}
  />,
}
`;
