// Jest Snapshot v1, https://goo.gl/fbAQLP

exports[`LmcHandoverNotes renders correctly 1`] = `
ShallowWrapper {
  "complexSelector": ComplexSelector {
    "buildPredicate": [Function],
    "childrenOfNode": [Function],
    "findWhereUnwrapped": [Function],
  },
  "length": 1,
  "node": <div
    style={
      Object {
        "display": "flex",
        "flexDirection": "column",
      }
    }
  >
    <LmcHandoverNoteCard
      note={
        Object {
          "createdBy": "TestCarer",
          "createdOn": 2019-01-01T00:00:00.000Z,
          "id": "id",
        }
      }
    />
    <LmcHandoverNoteCard
      note={
        Object {
          "createdBy": "TestCarer2",
          "createdOn": 2019-01-01T00:00:00.000Z,
          "id": "id2",
        }
      }
    />
  </div>,
  "nodes": Array [
    <div
      style={
        Object {
          "display": "flex",
          "flexDirection": "column",
        }
      }
    >
      <LmcHandoverNoteCard
        note={
          Object {
            "createdBy": "TestCarer",
            "createdOn": 2019-01-01T00:00:00.000Z,
            "id": "id",
          }
        }
      />
      <LmcHandoverNoteCard
        note={
          Object {
            "createdBy": "TestCarer2",
            "createdOn": 2019-01-01T00:00:00.000Z,
            "id": "id2",
          }
        }
      />
    </div>,
  ],
  "options": Object {},
  "renderer": ReactShallowRenderer {
    "_instance": ShallowComponentWrapper {
      "_calledComponentWillUnmount": false,
      "_compositeType": 0,
      "_context": Object {},
      "_currentElement": <LmcHandoverNotes
        notes={
          Array [
            Object {
              "createdBy": "TestCarer",
              "createdOn": 2019-01-01T00:00:00.000Z,
              "id": "id",
            },
            Object {
              "createdBy": "TestCarer2",
              "createdOn": 2019-01-01T00:00:00.000Z,
              "id": "id2",
            },
          ]
        }
      />,
      "_debugID": 1,
      "_hostContainerInfo": null,
      "_hostParent": null,
      "_instance": LmcHandoverNotes {
        "_reactInternalInstance": [Circular],
        "context": Object {},
        "props": Object {
          "notes": Array [
            Object {
              "createdBy": "TestCarer",
              "createdOn": 2019-01-01T00:00:00.000Z,
              "id": "id",
            },
            Object {
              "createdBy": "TestCarer2",
              "createdOn": 2019-01-01T00:00:00.000Z,
              "id": "id2",
            },
          ],
        },
        "refs": Object {},
        "state": null,
        "updater": Object {
          "enqueueCallback": [Function],
          "enqueueCallbackInternal": [Function],
          "enqueueElementInternal": [Function],
          "enqueueForceUpdate": [Function],
          "enqueueReplaceState": [Function],
          "enqueueSetState": [Function],
          "isMounted": [Function],
          "validateCallback": [Function],
        },
      },
      "_mountOrder": 1,
      "_pendingCallbacks": null,
      "_pendingElement": null,
      "_pendingForceUpdate": false,
      "_pendingReplaceState": false,
      "_pendingStateQueue": null,
      "_renderedComponent": NoopInternalComponent {
        "_currentElement": <div
          style={
            Object {
              "display": "flex",
              "flexDirection": "column",
            }
          }
        >
          <LmcHandoverNoteCard
            note={
              Object {
                "createdBy": "TestCarer",
                "createdOn": 2019-01-01T00:00:00.000Z,
                "id": "id",
              }
            }
          />
          <LmcHandoverNoteCard
            note={
              Object {
                "createdBy": "TestCarer2",
                "createdOn": 2019-01-01T00:00:00.000Z,
                "id": "id2",
              }
            }
          />
        </div>,
        "_debugID": 2,
        "_renderedOutput": <div
          style={
            Object {
              "display": "flex",
              "flexDirection": "column",
            }
          }
        >
          <LmcHandoverNoteCard
            note={
              Object {
                "createdBy": "TestCarer",
                "createdOn": 2019-01-01T00:00:00.000Z,
                "id": "id",
              }
            }
          />
          <LmcHandoverNoteCard
            note={
              Object {
                "createdBy": "TestCarer2",
                "createdOn": 2019-01-01T00:00:00.000Z,
                "id": "id2",
              }
            }
          />
        </div>,
      },
      "_renderedNodeType": 0,
      "_rootNodeID": 0,
      "_topLevelWrapper": null,
      "_updateBatchNumber": null,
      "_warnedAboutRefsInRender": false,
    },
    "getRenderOutput": [Function],
    "render": [Function],
  },
  "root": [Circular],
  "unrendered": <LmcHandoverNotes
    notes={
      Array [
        Object {
          "createdBy": "TestCarer",
          "createdOn": 2019-01-01T00:00:00.000Z,
          "id": "id",
        },
        Object {
          "createdBy": "TestCarer2",
          "createdOn": 2019-01-01T00:00:00.000Z,
          "id": "id2",
        },
      ]
    }
  />,
}
`;
