// Jest Snapshot v1, https://goo.gl/fbAQLP

exports[`LmcHandoversDashboard renders correctly 1`] = `
ShallowWrapper {
  "complexSelector": ComplexSelector {
    "buildPredicate": [Function],
    "childrenOfNode": [Function],
    "findWhereUnwrapped": [Function],
  },
  "length": 1,
  "node": <div
    style={
      Object {
        "height": "85vh",
        "overflow": "auto",
        "padding": "50px 20px 100px 20px",
      }
    }
  >
    <div
      style={
        Object {
          "margin": "0 auto",
          "maxWidth": 1000,
          "wordWrap": "break-word",
        }
      }
    >
      <LmcCurrentHandover
        notes={
          Array [
            Object {
              "createdBy": "TestCarer",
              "description": "This is a log",
              "id": "TestId",
            },
          ]
        }
      />
      <LmcHandoversHistory
        handovers={
          Array [
            Object {
              "createdBy": "TestCarer",
              "id": "TestId",
              "witnessedBy": "TestCarer2",
            },
          ]
        }
      />
    </div>
  </div>,
  "nodes": Array [
    <div
      style={
        Object {
          "height": "85vh",
          "overflow": "auto",
          "padding": "50px 20px 100px 20px",
        }
      }
    >
      <div
        style={
          Object {
            "margin": "0 auto",
            "maxWidth": 1000,
            "wordWrap": "break-word",
          }
        }
      >
        <LmcCurrentHandover
          notes={
            Array [
              Object {
                "createdBy": "TestCarer",
                "description": "This is a log",
                "id": "TestId",
              },
            ]
          }
        />
        <LmcHandoversHistory
          handovers={
            Array [
              Object {
                "createdBy": "TestCarer",
                "id": "TestId",
                "witnessedBy": "TestCarer2",
              },
            ]
          }
        />
      </div>
    </div>,
  ],
  "options": Object {},
  "renderer": ReactShallowRenderer {
    "_instance": ShallowComponentWrapper {
      "_calledComponentWillUnmount": false,
      "_compositeType": 0,
      "_context": Object {},
      "_currentElement": <LmcHandoversDashboard
        currentHandover={
          Object {
            "logs": Array [
              Object {
                "createdBy": "TestCarer",
                "id": "TestId",
                "note": "This is a note",
              },
            ],
            "notes": Array [
              Object {
                "createdBy": "TestCarer",
                "description": "This is a log",
                "id": "TestId",
              },
            ],
          }
        }
        fetchCurrentHandover={[MockFunction]}
        handoverHistory={
          Array [
            Object {
              "createdBy": "TestCarer",
              "id": "TestId",
              "witnessedBy": "TestCarer2",
            },
          ]
        }
      />,
      "_debugID": 1,
      "_hostContainerInfo": null,
      "_hostParent": null,
      "_instance": LmcHandoversDashboard {
        "_reactInternalInstance": [Circular],
        "context": Object {},
        "props": Object {
          "currentHandover": Object {
            "logs": Array [
              Object {
                "createdBy": "TestCarer",
                "id": "TestId",
                "note": "This is a note",
              },
            ],
            "notes": Array [
              Object {
                "createdBy": "TestCarer",
                "description": "This is a log",
                "id": "TestId",
              },
            ],
          },
          "fetchCurrentHandover": [MockFunction],
          "handoverHistory": Array [
            Object {
              "createdBy": "TestCarer",
              "id": "TestId",
              "witnessedBy": "TestCarer2",
            },
          ],
        },
        "refs": Object {},
        "state": null,
        "updater": Object {
          "enqueueCallback": [Function],
          "enqueueCallbackInternal": [Function],
          "enqueueElementInternal": [Function],
          "enqueueForceUpdate": [Function],
          "enqueueReplaceState": [Function],
          "enqueueSetState": [Function],
          "isMounted": [Function],
          "validateCallback": [Function],
        },
      },
      "_mountOrder": 1,
      "_pendingCallbacks": null,
      "_pendingElement": null,
      "_pendingForceUpdate": false,
      "_pendingReplaceState": false,
      "_pendingStateQueue": null,
      "_renderedComponent": NoopInternalComponent {
        "_currentElement": <div
          style={
            Object {
              "height": "85vh",
              "overflow": "auto",
              "padding": "50px 20px 100px 20px",
            }
          }
        >
          <div
            style={
              Object {
                "margin": "0 auto",
                "maxWidth": 1000,
                "wordWrap": "break-word",
              }
            }
          >
            <LmcCurrentHandover
              notes={
                Array [
                  Object {
                    "createdBy": "TestCarer",
                    "description": "This is a log",
                    "id": "TestId",
                  },
                ]
              }
            />
            <LmcHandoversHistory
              handovers={
                Array [
                  Object {
                    "createdBy": "TestCarer",
                    "id": "TestId",
                    "witnessedBy": "TestCarer2",
                  },
                ]
              }
            />
          </div>
        </div>,
        "_debugID": 2,
        "_renderedOutput": <div
          style={
            Object {
              "height": "85vh",
              "overflow": "auto",
              "padding": "50px 20px 100px 20px",
            }
          }
        >
          <div
            style={
              Object {
                "margin": "0 auto",
                "maxWidth": 1000,
                "wordWrap": "break-word",
              }
            }
          >
            <LmcCurrentHandover
              notes={
                Array [
                  Object {
                    "createdBy": "TestCarer",
                    "description": "This is a log",
                    "id": "TestId",
                  },
                ]
              }
            />
            <LmcHandoversHistory
              handovers={
                Array [
                  Object {
                    "createdBy": "TestCarer",
                    "id": "TestId",
                    "witnessedBy": "TestCarer2",
                  },
                ]
              }
            />
          </div>
        </div>,
      },
      "_renderedNodeType": 0,
      "_rootNodeID": 0,
      "_topLevelWrapper": null,
      "_updateBatchNumber": null,
      "_warnedAboutRefsInRender": false,
    },
    "getRenderOutput": [Function],
    "render": [Function],
  },
  "root": [Circular],
  "unrendered": <LmcHandoversDashboard
    currentHandover={
      Object {
        "logs": Array [
          Object {
            "createdBy": "TestCarer",
            "id": "TestId",
            "note": "This is a note",
          },
        ],
        "notes": Array [
          Object {
            "createdBy": "TestCarer",
            "description": "This is a log",
            "id": "TestId",
          },
        ],
      }
    }
    fetchCurrentHandover={[MockFunction]}
    handoverHistory={
      Array [
        Object {
          "createdBy": "TestCarer",
          "id": "TestId",
          "witnessedBy": "TestCarer2",
        },
      ]
    }
  />,
}
`;
