// Jest Snapshot v1, https://goo.gl/fbAQLP

exports[`LmcAdvertCard should render correct snapshot 1`] = `
ShallowWrapper {
  "complexSelector": ComplexSelector {
    "buildPredicate": [Function],
    "childrenOfNode": [Function],
    "findWhereUnwrapped": [Function],
  },
  "length": 1,
  "node": <div>
    <h2
      className="lmc-card-title"
    >
      What's on offer
    </h2>
    <div
      className="lmc-card"
      style={
        Object {
          "justifyContent": "center",
          "overflow": "hidden",
        }
      }
    >
      <a
        href="TestUrl"
        target="_blank"
      >
        <img
          alt=""
          src="TestImage"
          style={
            Object {
              "width": "102%",
            }
          }
        />
      </a>
    </div>
  </div>,
  "nodes": Array [
    <div>
      <h2
        className="lmc-card-title"
      >
        What's on offer
      </h2>
      <div
        className="lmc-card"
        style={
          Object {
            "justifyContent": "center",
            "overflow": "hidden",
          }
        }
      >
        <a
          href="TestUrl"
          target="_blank"
        >
          <img
            alt=""
            src="TestImage"
            style={
              Object {
                "width": "102%",
              }
            }
          />
        </a>
      </div>
    </div>,
  ],
  "options": Object {},
  "renderer": ReactShallowRenderer {
    "_instance": ShallowComponentWrapper {
      "_calledComponentWillUnmount": false,
      "_compositeType": 0,
      "_context": Object {},
      "_currentElement": <LmcAdvertCard
        image="TestImage"
        url="TestUrl"
      />,
      "_debugID": 1,
      "_hostContainerInfo": null,
      "_hostParent": null,
      "_instance": LmcAdvertCard {
        "_reactInternalInstance": [Circular],
        "context": Object {},
        "props": Object {
          "image": "TestImage",
          "url": "TestUrl",
        },
        "refs": Object {},
        "state": null,
        "updater": Object {
          "enqueueCallback": [Function],
          "enqueueCallbackInternal": [Function],
          "enqueueElementInternal": [Function],
          "enqueueForceUpdate": [Function],
          "enqueueReplaceState": [Function],
          "enqueueSetState": [Function],
          "isMounted": [Function],
          "validateCallback": [Function],
        },
      },
      "_mountOrder": 1,
      "_pendingCallbacks": null,
      "_pendingElement": null,
      "_pendingForceUpdate": false,
      "_pendingReplaceState": false,
      "_pendingStateQueue": null,
      "_renderedComponent": NoopInternalComponent {
        "_currentElement": <div>
          <h2
            className="lmc-card-title"
          >
            What's on offer
          </h2>
          <div
            className="lmc-card"
            style={
              Object {
                "justifyContent": "center",
                "overflow": "hidden",
              }
            }
          >
            <a
              href="TestUrl"
              target="_blank"
            >
              <img
                alt=""
                src="TestImage"
                style={
                  Object {
                    "width": "102%",
                  }
                }
              />
            </a>
          </div>
        </div>,
        "_debugID": 2,
        "_renderedOutput": <div>
          <h2
            className="lmc-card-title"
          >
            What's on offer
          </h2>
          <div
            className="lmc-card"
            style={
              Object {
                "justifyContent": "center",
                "overflow": "hidden",
              }
            }
          >
            <a
              href="TestUrl"
              target="_blank"
            >
              <img
                alt=""
                src="TestImage"
                style={
                  Object {
                    "width": "102%",
                  }
                }
              />
            </a>
          </div>
        </div>,
      },
      "_renderedNodeType": 0,
      "_rootNodeID": 0,
      "_topLevelWrapper": null,
      "_updateBatchNumber": null,
      "_warnedAboutRefsInRender": false,
    },
    "getRenderOutput": [Function],
    "render": [Function],
  },
  "root": [Circular],
  "unrendered": <LmcAdvertCard
    image="TestImage"
    url="TestUrl"
  />,
}
`;
