// Jest Snapshot v1, https://goo.gl/fbAQLP

exports[`LmcTour should render correct snapshot 1`] = `
ShallowWrapper {
  "complexSelector": ComplexSelector {
    "buildPredicate": [Function],
    "childrenOfNode": [Function],
    "findWhereUnwrapped": [Function],
  },
  "length": 1,
  "node": <div
    style={
      Object {
        "paddingTop": 20,
        "width": 200,
      }
    }
  >
    <GlyphButton
      block={true}
      color="success"
      glyph="play"
      glyphStyle={Object {}}
      onClick={[Function]}
      position="left"
      title="Start Tour"
    >
      <ResponsiveText
        component="span"
        visibleLG="Start Tour"
        visibleMD="Start Tour"
        visibleSM="Start Tour"
      />
    </GlyphButton>
  </div>,
  "nodes": Array [
    <div
      style={
        Object {
          "paddingTop": 20,
          "width": 200,
        }
      }
    >
      <GlyphButton
        block={true}
        color="success"
        glyph="play"
        glyphStyle={Object {}}
        onClick={[Function]}
        position="left"
        title="Start Tour"
      >
        <ResponsiveText
          component="span"
          visibleLG="Start Tour"
          visibleMD="Start Tour"
          visibleSM="Start Tour"
        />
      </GlyphButton>
    </div>,
  ],
  "options": Object {},
  "renderer": ReactShallowRenderer {
    "_instance": ShallowComponentWrapper {
      "_calledComponentWillUnmount": false,
      "_compositeType": 0,
      "_context": Object {},
      "_currentElement": <LmcTour />,
      "_debugID": 1,
      "_hostContainerInfo": null,
      "_hostParent": null,
      "_instance": LmcTour {
        "_reactInternalInstance": [Circular],
        "context": Object {},
        "props": Object {},
        "refs": Object {},
        "startTour": [Function],
        "state": null,
        "updater": Object {
          "enqueueCallback": [Function],
          "enqueueCallbackInternal": [Function],
          "enqueueElementInternal": [Function],
          "enqueueForceUpdate": [Function],
          "enqueueReplaceState": [Function],
          "enqueueSetState": [Function],
          "isMounted": [Function],
          "validateCallback": [Function],
        },
      },
      "_mountOrder": 1,
      "_pendingCallbacks": null,
      "_pendingElement": null,
      "_pendingForceUpdate": false,
      "_pendingReplaceState": false,
      "_pendingStateQueue": null,
      "_renderedComponent": NoopInternalComponent {
        "_currentElement": <div
          style={
            Object {
              "paddingTop": 20,
              "width": 200,
            }
          }
        >
          <GlyphButton
            block={true}
            color="success"
            glyph="play"
            glyphStyle={Object {}}
            onClick={[Function]}
            position="left"
            title="Start Tour"
          >
            <ResponsiveText
              component="span"
              visibleLG="Start Tour"
              visibleMD="Start Tour"
              visibleSM="Start Tour"
            />
          </GlyphButton>
        </div>,
        "_debugID": 2,
        "_renderedOutput": <div
          style={
            Object {
              "paddingTop": 20,
              "width": 200,
            }
          }
        >
          <GlyphButton
            block={true}
            color="success"
            glyph="play"
            glyphStyle={Object {}}
            onClick={[Function]}
            position="left"
            title="Start Tour"
          >
            <ResponsiveText
              component="span"
              visibleLG="Start Tour"
              visibleMD="Start Tour"
              visibleSM="Start Tour"
            />
          </GlyphButton>
        </div>,
      },
      "_renderedNodeType": 0,
      "_rootNodeID": 0,
      "_topLevelWrapper": null,
      "_updateBatchNumber": null,
      "_warnedAboutRefsInRender": false,
    },
    "getRenderOutput": [Function],
    "render": [Function],
  },
  "root": [Circular],
  "unrendered": <LmcTour />,
}
`;
