// Jest Snapshot v1, https://goo.gl/fbAQLP

exports[`LmcTopTipsCard should render correct snapshot 1`] = `
ShallowWrapper {
  "complexSelector": ComplexSelector {
    "buildPredicate": [Function],
    "childrenOfNode": [Function],
    "findWhereUnwrapped": [Function],
  },
  "length": 1,
  "node": <div>
    <h2
      className="lmc-card-title"
    >
      Top Tips
    </h2>
    <div
      className="lmc-card"
      style={
        Object {
          "minHeight": 258,
          "paddingTop": 18,
        }
      }
    >
      <div
        className="videoWrapper"
      >
        <iframe
          allowFullScreen={true}
          frameBorder="0"
          src="TestVideo"
          style={
            Object {
              "border": "none",
            }
          }
          width="345"
        />
      </div>
    </div>
  </div>,
  "nodes": Array [
    <div>
      <h2
        className="lmc-card-title"
      >
        Top Tips
      </h2>
      <div
        className="lmc-card"
        style={
          Object {
            "minHeight": 258,
            "paddingTop": 18,
          }
        }
      >
        <div
          className="videoWrapper"
        >
          <iframe
            allowFullScreen={true}
            frameBorder="0"
            src="TestVideo"
            style={
              Object {
                "border": "none",
              }
            }
            width="345"
          />
        </div>
      </div>
    </div>,
  ],
  "options": Object {},
  "renderer": ReactShallowRenderer {
    "_instance": ShallowComponentWrapper {
      "_calledComponentWillUnmount": false,
      "_compositeType": 0,
      "_context": Object {},
      "_currentElement": <LmcTopTipsCard
        video="TestVideo"
      />,
      "_debugID": 1,
      "_hostContainerInfo": null,
      "_hostParent": null,
      "_instance": LmcTopTipsCard {
        "_reactInternalInstance": [Circular],
        "context": Object {},
        "props": Object {
          "video": "TestVideo",
        },
        "refs": Object {},
        "state": null,
        "updater": Object {
          "enqueueCallback": [Function],
          "enqueueCallbackInternal": [Function],
          "enqueueElementInternal": [Function],
          "enqueueForceUpdate": [Function],
          "enqueueReplaceState": [Function],
          "enqueueSetState": [Function],
          "isMounted": [Function],
          "validateCallback": [Function],
        },
      },
      "_mountOrder": 1,
      "_pendingCallbacks": null,
      "_pendingElement": null,
      "_pendingForceUpdate": false,
      "_pendingReplaceState": false,
      "_pendingStateQueue": null,
      "_renderedComponent": NoopInternalComponent {
        "_currentElement": <div>
          <h2
            className="lmc-card-title"
          >
            Top Tips
          </h2>
          <div
            className="lmc-card"
            style={
              Object {
                "minHeight": 258,
                "paddingTop": 18,
              }
            }
          >
            <div
              className="videoWrapper"
            >
              <iframe
                allowFullScreen={true}
                frameBorder="0"
                src="TestVideo"
                style={
                  Object {
                    "border": "none",
                  }
                }
                width="345"
              />
            </div>
          </div>
        </div>,
        "_debugID": 2,
        "_renderedOutput": <div>
          <h2
            className="lmc-card-title"
          >
            Top Tips
          </h2>
          <div
            className="lmc-card"
            style={
              Object {
                "minHeight": 258,
                "paddingTop": 18,
              }
            }
          >
            <div
              className="videoWrapper"
            >
              <iframe
                allowFullScreen={true}
                frameBorder="0"
                src="TestVideo"
                style={
                  Object {
                    "border": "none",
                  }
                }
                width="345"
              />
            </div>
          </div>
        </div>,
      },
      "_renderedNodeType": 0,
      "_rootNodeID": 0,
      "_topLevelWrapper": null,
      "_updateBatchNumber": null,
      "_warnedAboutRefsInRender": false,
    },
    "getRenderOutput": [Function],
    "render": [Function],
  },
  "root": [Circular],
  "unrendered": <LmcTopTipsCard
    video="TestVideo"
  />,
}
`;
