// Jest Snapshot v1, https://goo.gl/fbAQLP

exports[`LmcResidentsSidebarFilter renders correctly 1`] = `
ShallowWrapper {
  "complexSelector": ComplexSelector {
    "buildPredicate": [Function],
    "childrenOfNode": [Function],
    "findWhereUnwrapped": [Function],
  },
  "length": 1,
  "node": <div
    style={
      Object {
        "backgroundColor": "white",
        "display": "block",
        "padding": "10px",
      }
    }
  >
    <FormInput
      autofocus={true}
      name="nameFilter"
      onChange={[MockFunction]}
      placeholder="Filter by name"
      size="default"
      style={
        Object {
          "borderRadius": "3px",
          "height": "40px",
          "marginBottom": "15px",
        }
      }
      type="text"
    />
    <span
      onClick={[Function]}
      style={
        Object {
          "cursor": "pointer",
          "float": "right",
        }
      }
    >
      <span
        onClick={[MockFunction]}
        style={
          Object {
            "opacity": 0.6,
            "paddingRight": 8,
            "position": "relative",
            "top": -5,
          }
        }
      >
        Active residents
      </span>
      <ReactSwitch
        activeBoxShadow="0px 0px 1px 8px rgba(0, 0, 0, 0.1)"
        boxShadow={null}
        checked={true}
        checkedIcon={false}
        disabled={false}
        handleDiameter={16}
        height={20}
        offColor="#e65d78"
        offHandleColor="#fff"
        onChange={[MockFunction]}
        onColor="#e65d78"
        onHandleColor="#fff"
        uncheckedIcon={false}
        width={40}
      />
      <span
        onClick={[MockFunction]}
        style={
          Object {
            "opacity": 0.6,
            "paddingLeft": 8,
            "position": "relative",
            "top": -5,
          }
        }
      >
        All
      </span>
    </span>
  </div>,
  "nodes": Array [
    <div
      style={
        Object {
          "backgroundColor": "white",
          "display": "block",
          "padding": "10px",
        }
      }
    >
      <FormInput
        autofocus={true}
        name="nameFilter"
        onChange={[MockFunction]}
        placeholder="Filter by name"
        size="default"
        style={
          Object {
            "borderRadius": "3px",
            "height": "40px",
            "marginBottom": "15px",
          }
        }
        type="text"
      />
      <span
        onClick={[Function]}
        style={
          Object {
            "cursor": "pointer",
            "float": "right",
          }
        }
      >
        <span
          onClick={[MockFunction]}
          style={
            Object {
              "opacity": 0.6,
              "paddingRight": 8,
              "position": "relative",
              "top": -5,
            }
          }
        >
          Active residents
        </span>
        <ReactSwitch
          activeBoxShadow="0px 0px 1px 8px rgba(0, 0, 0, 0.1)"
          boxShadow={null}
          checked={true}
          checkedIcon={false}
          disabled={false}
          handleDiameter={16}
          height={20}
          offColor="#e65d78"
          offHandleColor="#fff"
          onChange={[MockFunction]}
          onColor="#e65d78"
          onHandleColor="#fff"
          uncheckedIcon={false}
          width={40}
        />
        <span
          onClick={[MockFunction]}
          style={
            Object {
              "opacity": 0.6,
              "paddingLeft": 8,
              "position": "relative",
              "top": -5,
            }
          }
        >
          All
        </span>
      </span>
    </div>,
  ],
  "options": Object {},
  "renderer": ReactShallowRenderer {
    "_instance": ShallowComponentWrapper {
      "_calledComponentWillUnmount": false,
      "_compositeType": 2,
      "_context": Object {},
      "_currentElement": <LmcResidentsSidebarFilter
        isChecked={true}
        onFormChange={[MockFunction]}
        onSwitchChange={[MockFunction]}
      />,
      "_debugID": 1,
      "_hostContainerInfo": null,
      "_hostParent": null,
      "_instance": StatelessComponent {
        "_reactInternalInstance": [Circular],
        "context": Object {},
        "props": Object {
          "isChecked": true,
          "onFormChange": [MockFunction],
          "onSwitchChange": [MockFunction],
        },
        "refs": Object {},
        "state": null,
        "updater": Object {
          "enqueueCallback": [Function],
          "enqueueCallbackInternal": [Function],
          "enqueueElementInternal": [Function],
          "enqueueForceUpdate": [Function],
          "enqueueReplaceState": [Function],
          "enqueueSetState": [Function],
          "isMounted": [Function],
          "validateCallback": [Function],
        },
      },
      "_mountOrder": 1,
      "_pendingCallbacks": null,
      "_pendingElement": null,
      "_pendingForceUpdate": false,
      "_pendingReplaceState": false,
      "_pendingStateQueue": null,
      "_renderedComponent": NoopInternalComponent {
        "_currentElement": <div
          style={
            Object {
              "backgroundColor": "white",
              "display": "block",
              "padding": "10px",
            }
          }
        >
          <FormInput
            autofocus={true}
            name="nameFilter"
            onChange={[MockFunction]}
            placeholder="Filter by name"
            size="default"
            style={
              Object {
                "borderRadius": "3px",
                "height": "40px",
                "marginBottom": "15px",
              }
            }
            type="text"
          />
          <span
            onClick={[Function]}
            style={
              Object {
                "cursor": "pointer",
                "float": "right",
              }
            }
          >
            <span
              onClick={[MockFunction]}
              style={
                Object {
                  "opacity": 0.6,
                  "paddingRight": 8,
                  "position": "relative",
                  "top": -5,
                }
              }
            >
              Active residents
            </span>
            <ReactSwitch
              activeBoxShadow="0px 0px 1px 8px rgba(0, 0, 0, 0.1)"
              boxShadow={null}
              checked={true}
              checkedIcon={false}
              disabled={false}
              handleDiameter={16}
              height={20}
              offColor="#e65d78"
              offHandleColor="#fff"
              onChange={[MockFunction]}
              onColor="#e65d78"
              onHandleColor="#fff"
              uncheckedIcon={false}
              width={40}
            />
            <span
              onClick={[MockFunction]}
              style={
                Object {
                  "opacity": 0.6,
                  "paddingLeft": 8,
                  "position": "relative",
                  "top": -5,
                }
              }
            >
              All
            </span>
          </span>
        </div>,
        "_debugID": 2,
        "_renderedOutput": <div
          style={
            Object {
              "backgroundColor": "white",
              "display": "block",
              "padding": "10px",
            }
          }
        >
          <FormInput
            autofocus={true}
            name="nameFilter"
            onChange={[MockFunction]}
            placeholder="Filter by name"
            size="default"
            style={
              Object {
                "borderRadius": "3px",
                "height": "40px",
                "marginBottom": "15px",
              }
            }
            type="text"
          />
          <span
            onClick={[Function]}
            style={
              Object {
                "cursor": "pointer",
                "float": "right",
              }
            }
          >
            <span
              onClick={[MockFunction]}
              style={
                Object {
                  "opacity": 0.6,
                  "paddingRight": 8,
                  "position": "relative",
                  "top": -5,
                }
              }
            >
              Active residents
            </span>
            <ReactSwitch
              activeBoxShadow="0px 0px 1px 8px rgba(0, 0, 0, 0.1)"
              boxShadow={null}
              checked={true}
              checkedIcon={false}
              disabled={false}
              handleDiameter={16}
              height={20}
              offColor="#e65d78"
              offHandleColor="#fff"
              onChange={[MockFunction]}
              onColor="#e65d78"
              onHandleColor="#fff"
              uncheckedIcon={false}
              width={40}
            />
            <span
              onClick={[MockFunction]}
              style={
                Object {
                  "opacity": 0.6,
                  "paddingLeft": 8,
                  "position": "relative",
                  "top": -5,
                }
              }
            >
              All
            </span>
          </span>
        </div>,
      },
      "_renderedNodeType": 0,
      "_rootNodeID": 0,
      "_topLevelWrapper": null,
      "_updateBatchNumber": null,
      "_warnedAboutRefsInRender": false,
    },
    "getRenderOutput": [Function],
    "render": [Function],
  },
  "root": [Circular],
  "unrendered": <LmcResidentsSidebarFilter
    isChecked={true}
    onFormChange={[MockFunction]}
    onSwitchChange={[MockFunction]}
  />,
}
`;
