// Jest Snapshot v1, https://goo.gl/fbAQLP

exports[`LmcResidentsSidebar should render correctly 1`] = `
ShallowWrapper {
  "complexSelector": ComplexSelector {
    "buildPredicate": [Function],
    "childrenOfNode": [Function],
    "findWhereUnwrapped": [Function],
  },
  "length": 1,
  "node": <div
    className="lmc-sidebar"
    style={
      Object {
        "flex": "1",
        "zIndex": "1",
      }
    }
  >
    <LmcResidentsSidebarFilter
      isChecked={false}
      onFormChange={[Function]}
      onSwitchChange={[Function]}
    />
    <LmcCreateButton
      listId="Resident"
      onCreate={[MockFunction]}
      style={
        Object {
          "borderRadius": 0,
        }
      }
      title="Add a new Resident"
    />
    <ul
      className="lmc-sidebar-list"
    >
      <LmcSidebarItem
        isSelected={true}
        itemData={
          Object {
            "id": "testId1",
            "name": Object {
              "first": "test",
              "last": "id1",
            },
            "status": "active",
          }
        }
        onClick={[Function]}
      />
      <LmcSidebarItem
        isSelected={false}
        itemData={
          Object {
            "id": "testId2",
            "name": Object {
              "first": "test",
              "last": "id2",
            },
            "status": "active",
          }
        }
        onClick={[Function]}
      />
    </ul>
  </div>,
  "nodes": Array [
    <div
      className="lmc-sidebar"
      style={
        Object {
          "flex": "1",
          "zIndex": "1",
        }
      }
    >
      <LmcResidentsSidebarFilter
        isChecked={false}
        onFormChange={[Function]}
        onSwitchChange={[Function]}
      />
      <LmcCreateButton
        listId="Resident"
        onCreate={[MockFunction]}
        style={
          Object {
            "borderRadius": 0,
          }
        }
        title="Add a new Resident"
      />
      <ul
        className="lmc-sidebar-list"
      >
        <LmcSidebarItem
          isSelected={true}
          itemData={
            Object {
              "id": "testId1",
              "name": Object {
                "first": "test",
                "last": "id1",
              },
              "status": "active",
            }
          }
          onClick={[Function]}
        />
        <LmcSidebarItem
          isSelected={false}
          itemData={
            Object {
              "id": "testId2",
              "name": Object {
                "first": "test",
                "last": "id2",
              },
              "status": "active",
            }
          }
          onClick={[Function]}
        />
      </ul>
    </div>,
  ],
  "options": Object {},
  "renderer": ReactShallowRenderer {
    "_instance": ShallowComponentWrapper {
      "_calledComponentWillUnmount": false,
      "_compositeType": 0,
      "_context": Object {},
      "_currentElement": <LmcResidentsSidebar
        onCreate={[MockFunction]}
        residents={
          Array [
            Object {
              "id": "testId1",
              "name": Object {
                "first": "test",
                "last": "id1",
              },
              "status": "active",
            },
            Object {
              "id": "testId2",
              "name": Object {
                "first": "test",
                "last": "id2",
              },
              "status": "active",
            },
            Object {
              "id": "testId3",
              "name": Object {
                "first": "test",
                "last": "id3",
              },
              "status": "inactive",
            },
          ]
        }
        selectedResident="testId1"
      />,
      "_debugID": 1,
      "_hostContainerInfo": null,
      "_hostParent": null,
      "_instance": LmcResidentsSidebar {
        "_reactInternalInstance": [Circular],
        "calculateHidden": [Function],
        "context": Object {},
        "handleFormChange": [Function],
        "handleSwitchChange": [Function],
        "props": Object {
          "onCreate": [MockFunction],
          "residents": Array [
            Object {
              "id": "testId1",
              "name": Object {
                "first": "test",
                "last": "id1",
              },
              "status": "active",
            },
            Object {
              "id": "testId2",
              "name": Object {
                "first": "test",
                "last": "id2",
              },
              "status": "active",
            },
            Object {
              "id": "testId3",
              "name": Object {
                "first": "test",
                "last": "id3",
              },
              "status": "inactive",
            },
          ],
          "selectedResident": "testId1",
        },
        "refs": Object {},
        "state": Object {
          "displayActiveResidents": true,
          "nameFilter": "",
        },
        "updater": Object {
          "enqueueCallback": [Function],
          "enqueueCallbackInternal": [Function],
          "enqueueElementInternal": [Function],
          "enqueueForceUpdate": [Function],
          "enqueueReplaceState": [Function],
          "enqueueSetState": [Function],
          "isMounted": [Function],
          "validateCallback": [Function],
        },
      },
      "_mountOrder": 1,
      "_pendingCallbacks": null,
      "_pendingElement": null,
      "_pendingForceUpdate": false,
      "_pendingReplaceState": false,
      "_pendingStateQueue": null,
      "_renderedComponent": NoopInternalComponent {
        "_currentElement": <div
          className="lmc-sidebar"
          style={
            Object {
              "flex": "1",
              "zIndex": "1",
            }
          }
        >
          <LmcResidentsSidebarFilter
            isChecked={false}
            onFormChange={[Function]}
            onSwitchChange={[Function]}
          />
          <LmcCreateButton
            listId="Resident"
            onCreate={[MockFunction]}
            style={
              Object {
                "borderRadius": 0,
              }
            }
            title="Add a new Resident"
          />
          <ul
            className="lmc-sidebar-list"
          >
            <LmcSidebarItem
              isSelected={true}
              itemData={
                Object {
                  "id": "testId1",
                  "name": Object {
                    "first": "test",
                    "last": "id1",
                  },
                  "status": "active",
                }
              }
              onClick={[Function]}
            />
            <LmcSidebarItem
              isSelected={false}
              itemData={
                Object {
                  "id": "testId2",
                  "name": Object {
                    "first": "test",
                    "last": "id2",
                  },
                  "status": "active",
                }
              }
              onClick={[Function]}
            />
          </ul>
        </div>,
        "_debugID": 2,
        "_renderedOutput": <div
          className="lmc-sidebar"
          style={
            Object {
              "flex": "1",
              "zIndex": "1",
            }
          }
        >
          <LmcResidentsSidebarFilter
            isChecked={false}
            onFormChange={[Function]}
            onSwitchChange={[Function]}
          />
          <LmcCreateButton
            listId="Resident"
            onCreate={[MockFunction]}
            style={
              Object {
                "borderRadius": 0,
              }
            }
            title="Add a new Resident"
          />
          <ul
            className="lmc-sidebar-list"
          >
            <LmcSidebarItem
              isSelected={true}
              itemData={
                Object {
                  "id": "testId1",
                  "name": Object {
                    "first": "test",
                    "last": "id1",
                  },
                  "status": "active",
                }
              }
              onClick={[Function]}
            />
            <LmcSidebarItem
              isSelected={false}
              itemData={
                Object {
                  "id": "testId2",
                  "name": Object {
                    "first": "test",
                    "last": "id2",
                  },
                  "status": "active",
                }
              }
              onClick={[Function]}
            />
          </ul>
        </div>,
      },
      "_renderedNodeType": 0,
      "_rootNodeID": 0,
      "_topLevelWrapper": null,
      "_updateBatchNumber": null,
      "_warnedAboutRefsInRender": false,
    },
    "getRenderOutput": [Function],
    "render": [Function],
  },
  "root": [Circular],
  "unrendered": <LmcResidentsSidebar
    onCreate={[MockFunction]}
    residents={
      Array [
        Object {
          "id": "testId1",
          "name": Object {
            "first": "test",
            "last": "id1",
          },
          "status": "active",
        },
        Object {
          "id": "testId2",
          "name": Object {
            "first": "test",
            "last": "id2",
          },
          "status": "active",
        },
        Object {
          "id": "testId3",
          "name": Object {
            "first": "test",
            "last": "id3",
          },
          "status": "inactive",
        },
      ]
    }
    selectedResident="testId1"
  />,
}
`;
